edureka@kmaster:~$ pwd
/home/edureka
edureka@kmaster:~$ cd code-base/repo1/
edureka@kmaster:~/code-base/repo1$ git branch
* code-base
  main
edureka@kmaster:~/code-base/repo1$ history
    1  ls
    2  rm -rf terraform_0.15.3_linux_amd64.zip 
    3  sudo systemctl start grafana-server
    4  prometheus 
    5  prometheus --config.file=/opt/prometheus-2.27/prometheus.yml
    6  sudo apt remove docker-compose 
    7  sudo curl -L https://github.com/docker/compose/releases/download/1.21.2/docker-compose-`uname -s`-`uname -m` -o /usr/local/bin/docker-compose
    8  sudo chmod +x /usr/local/bin/docker-compose
    9  docker-compose --version
   10  clear
   11  docker --version
   12  sudo systemctl status grafana-server
   13  sudo systemctl enable grafana-server
   14  cd /etc/systemd/system/
   15  ks
   16  ls
   17  vi tomcat.service 
   18  sudo vi prometheus.service
   19  cd ~
   20  sudo vi prometheus
   21  cd /etc/systemd/system/
   22  sudo vi prometheus.service
   23  sudo systemctl status prometheus
   24  sudo vi prometheus.service
   25  sudo systemctl status prometheus
   26  sudo systemctl start prometheus
   27  sudo systemctl enable prometheus
   28  cd /etc/systemd/system
   29  ls
   30  vi tomcat.service 
   31  sudo systemctl status jenkins
   32  sudo systemctl start jenkins
   33  sudo systemctl status jenkins
   34  sudo systemctl status jenkins
   35  sudo cloud-init clean
   36  jenkins --version
   37  systemctl status jenkins
   38  systemctl stop jenkins
   39  sudo systemctl stop jenkins
   40  systemctl status jenkins
   41  sudo apt-get remove jenkins
   42  sudo apt-get remove --auto-remove jenkins
   43  sudo apt-get purge jenkins
   44  sudo apt-get purge --auto-remove jenkins
   45  systemctl status jenkins
   46  sudo apt update
   47  sudo apt-key adv --keyserver keyserver.ubuntu.com --recv-keys 4EB27DB2A3B88B8B
   48  sudo apt update
   49  java -version
   50  wget -q -O - https://pkg.jenkins.io/debian/jenkins.io.key | sudo apt-key add -
   51  sudo sh -c 'echo deb http://pkg.jenkins.io/debian-stable binary/ > /etc/apt/sources.list.d/jenkins.list'
   52  sudo apt install jenkins
   53  sudo apt update
   54  sudo apt install ca-certificates
   55  sudo apt update
   56  sudo apt install jenkins
   57  sudo apt install openjdk-11-jdk
   58  sudo apt-get remove jenkins
   59  java -version
   60  sudo update-alternatives --config java
   61  java -version
   62  systemctl status jenkins
   63  systemctl start jenkins
   64  sudo systemctl start jenkins
   65  systemctl status jenkins
   66  netstat -tulpn
   67  ip a
   68  systemctl status tomcat.service 
   69  sudo systemctl start tomcat.service 
   70  systemctl status tomcat.service 
   71  netstat -tulpn
   72  sudo systemctl stop jenkins
   73  sudo systemctl status jenkins
   74  sudo systemctl stop tomcat.service 
   75  sudo systemctl start tomcat.service 
   76  netstat -tulpn
   77  ip a
   78  netstat -tulpn
   79  sudo systemctl status tomcat.service 
   80  git config --global user.name "krishna"
   81  git config --global user.email "muthukrishnan.e@gmail.com"
   82  git init
   83  mdir code-base
   84  mkdir code-base
   85  cd code-base/
   86  git init
   87  git clone https://github.com/emkrish/repo1.git
   88  git brnch 
   89  git branch 
   90  ls -ltr
   91  git branch code-base
   92  cd repo1/
   93  git branch 
   94  git branch code-base
   95  git checkout code-base
   96  git branch
   97  pwd
   98  git status
   99  git add /home/edureka/Downloads/sample-project/css
  100  /home/edureka/Downloads/sample-project/fonts
  101  /home/edureka/Downloads/sample-project/img
  102  /home/edureka/Downloads/sample-project/index.html
  103  git status
  104  git commit -m "first commit"
  105  git add .
  106  git commit -m "first commit"
  107  git push 
  108  /home/edureka/Downloads/sample-project/css
  109  /home/edureka/Downloads/sample-project/fonts
  110  /home/edureka/Downloads/sample-project/img
  111  /home/edureka/Downloads/sample-project/index.html
  112  ls -ltr
  113  cd img/
  114  ls -ltr
  115  pwd
  116  cd ..
  117  pwd
  118  git push 
  119  git push --set-upstream origin code-base
  120  git config --global user.name "emkrish"
  121  git config --global user.email "muthukrishnan.e@gmail.com"
  122  git push --set-upstream origin code-base
  123  pwd
  124  cd code-base/repo1/
  125  git push --set-upstream origin code-base
  126  git status
  127  pwd
  128  cd code-base/repo1/
  129  git branch
  130  history
edureka@kmaster:~/code-base/repo1$ git init
Reinitialized existing Git repository in /home/edureka/code-base/repo1/.git/
edureka@kmaster:~/code-base/repo1$ git branch
* code-base
  main
edureka@kmaster:~/code-base/repo1$ git pull
From https://github.com/emkrish/repo1
 * [new branch]      branch1    -> origin/branch1
 * [new branch]      branch2    -> origin/branch2
Already up to date.
edureka@kmaster:~/code-base/repo1$ git branch
* code-base
  main
edureka@kmaster:~/code-base/repo1$ git branch -r
  origin/HEAD -> origin/main
  origin/branch1
  origin/branch2
  origin/code-base
  origin/main
edureka@kmaster:~/code-base/repo1$ git branch
* code-base
  main
edureka@kmaster:~/code-base/repo1$ git fetch 
edureka@kmaster:~/code-base/repo1$ git branch
* code-base
  main
edureka@kmaster:~/code-base/repo1$ git branch -r
  origin/HEAD -> origin/main
  origin/branch1
  origin/branch2
  origin/code-base
  origin/main
edureka@kmaster:~/code-base/repo1$ git branch -aa
* code-base
  main
  remotes/origin/HEAD -> origin/main
  remotes/origin/branch1
  remotes/origin/branch2
  remotes/origin/code-base
  remotes/origin/main
edureka@kmaster:~/code-base/repo1$ git branch -a
* code-base
  main
  remotes/origin/HEAD -> origin/main
  remotes/origin/branch1
  remotes/origin/branch2
  remotes/origin/code-base
  remotes/origin/main
edureka@kmaster:~/code-base/repo1$ git checkout branch1
Branch 'branch1' set up to track remote branch 'branch1' from 'origin'.
Switched to a new branch 'branch1'
edureka@kmaster:~/code-base/repo1$ ls -ltr
total 20
-rw-rw-r-- 1 edureka edureka 2866 Nov 14  2017 index.html
-rw-r--r-- 1 edureka edureka    7 Feb 23 10:47 README.md
drwxrwxr-x 2 edureka edureka 4096 Feb 23 10:51 css
drwxrwxr-x 2 edureka edureka 4096 Feb 23 10:51 fonts
drwxrwxr-x 2 edureka edureka 4096 Feb 23 10:51 img
-rw-rw-r-- 1 edureka edureka    0 Feb 23 11:23 github
edureka@kmaster:~/code-base/repo1$ git branch 
* branch1
  code-base
  main
edureka@kmaster:~/code-base/repo1$ vi index.html 
edureka@kmaster:~/code-base/repo1$ vi index.html 
edureka@kmaster:~/code-base/repo1$ git status
On branch branch1
Your branch is up to date with 'origin/branch1'.

Changes not staged for commit:
  (use "git add <file>..." to update what will be committed)
  (use "git checkout -- <file>..." to discard changes in working directory)

	modified:   index.html

Untracked files:
  (use "git add <file>..." to include in what will be committed)

	github

no changes added to commit (use "git add" and/or "git commit -a")
edureka@kmaster:~/code-base/repo1$ git add index.html
edureka@kmaster:~/code-base/repo1$ git commit -m "modified index.html"
[branch1 7a68630] modified index.html
 1 file changed, 1 insertion(+), 1 deletion(-)
edureka@kmaster:~/code-base/repo1$ git status
On branch branch1
Your branch is ahead of 'origin/branch1' by 1 commit.
  (use "git push" to publish your local commits)

Untracked files:
  (use "git add <file>..." to include in what will be committed)

	github

nothing added to commit but untracked files present (use "git add" to track)
edureka@kmaster:~/code-base/repo1$ git push 
Username for 'https://github.com': emkrish
Password for 'https://emkrish@github.com': 
Counting objects: 3, done.
Delta compression using up to 2 threads.
Compressing objects: 100% (3/3), done.
Writing objects: 100% (3/3), 303 bytes | 303.00 KiB/s, done.
Total 3 (delta 2), reused 0 (delta 0)
remote: Resolving deltas: 100% (2/2), completed with 2 local objects.
To https://github.com/emkrish/repo1.git
   b3e0f41..7a68630  branch1 -> branch1
edureka@kmaster:~/code-base/repo1$ git branch
* branch1
  code-base
  main
edureka@kmaster:~/code-base/repo1$ git checkout branch2
Branch 'branch2' set up to track remote branch 'branch2' from 'origin'.
Switched to a new branch 'branch2'
edureka@kmaster:~/code-base/repo1$ git branch
  branch1
* branch2
  code-base
  main
edureka@kmaster:~/code-base/repo1$ vi index.html 
edureka@kmaster:~/code-base/repo1$ git add index.html
edureka@kmaster:~/code-base/repo1$ git commit -m "modified index.html 321"
[branch2 018175d] modified index.html 321
 1 file changed, 1 insertion(+), 1 deletion(-)
edureka@kmaster:~/code-base/repo1$ git push 
Username for 'https://github.com': emkrish
Password for 'https://emkrish@github.com': 
Counting objects: 3, done.
Delta compression using up to 2 threads.
Compressing objects: 100% (3/3), done.
Writing objects: 100% (3/3), 306 bytes | 306.00 KiB/s, done.
Total 3 (delta 2), reused 0 (delta 0)
remote: Resolving deltas: 100% (2/2), completed with 2 local objects.
To https://github.com/emkrish/repo1.git
   b3e0f41..018175d  branch2 -> branch2
edureka@kmaster:~/code-base/repo1$ git branch
  branch1
* branch2
  code-base
  main
edureka@kmaster:~/code-base/repo1$ git checkout branch1
Switched to branch 'branch1'
Your branch is up to date with 'origin/branch1'.
edureka@kmaster:~/code-base/repo1$ git branch 
* branch1
  branch2
  code-base
  main
edureka@kmaster:~/code-base/repo1$ git merge code-base 
Already up to date.
edureka@kmaster:~/code-base/repo1$ git pull origin code-base
From https://github.com/emkrish/repo1
 * branch            code-base  -> FETCH_HEAD
Already up to date.
edureka@kmaster:~/code-base/repo1$ git branch
* branch1
  branch2
  code-base
  main
edureka@kmaster:~/code-base/repo1$ git checkout code-base
Switched to branch 'code-base'
Your branch is up to date with 'origin/code-base'.
edureka@kmaster:~/code-base/repo1$ git branch 
  branch1
  branch2
* code-base
  main
edureka@kmaster:~/code-base/repo1$ git pull origin code-base
From https://github.com/emkrish/repo1
 * branch            code-base  -> FETCH_HEAD
Already up to date.
edureka@kmaster:~/code-base/repo1$ git merge branch1
Updating b3e0f41..7a68630
Fast-forward
 index.html | 2 +-
 1 file changed, 1 insertion(+), 1 deletion(-)
edureka@kmaster:~/code-base/repo1$ git merge branch2 
Auto-merging index.html
CONFLICT (content): Merge conflict in index.html
Automatic merge failed; fix conflicts and then commit the result.
edureka@kmaster:~/code-base/repo1$ git config --global merge.tool kdiff3
edureka@kmaster:~/code-base/repo1$ git mergetool
Merging:
index.html

Normal merge conflict for 'index.html':
  {local}: modified file
  {remote}: modified file
The merge tool kdiff3 is not available as 'kdiff3'
edureka@kmaster:~/code-base/repo1$ sudo apt-get install kdiff
Reading package lists... Done
Building dependency tree       
Reading state information... Done
E: Unable to locate package kdiff
edureka@kmaster:~/code-base/repo1$ sudo apt-get install kdiff3
Reading package lists... Done
Building dependency tree       
Reading state information... Done
The following additional packages will be installed:
  breeze-icon-theme docbook-xml docbook-xsl fonts-dejavu icoutils kde-runtime
  kde-runtime-data kde-style-breeze kde-style-breeze-qt4 kdelibs-bin
  kdelibs5-data kdelibs5-plugins kdiff3-doc kdoctools kwayland-data
  kwayland-integration libattica0.4 libclucene-core1v5 libdbusmenu-qt2
  libdlrestrictions1 libdouble-conversion1 libexiv2-14 libfam0 libgpgme++2v5
  libkactivities6 libkcmutils4 libkde3support4 libkdeclarative5 libkdecore5
  libkdesu5 libkdeui5 libkdewebkit5 libkdnssd4 libkemoticons4 libkf5archive5
  libkf5auth-data libkf5auth5 libkf5codecs-data libkf5codecs5 libkf5config-bin
  libkf5config-data libkf5configcore5 libkf5configgui5
  libkf5configwidgets-data libkf5configwidgets5 libkf5coreaddons-data
  libkf5coreaddons5 libkf5guiaddons5 libkf5i18n-data libkf5i18n5
  libkf5iconthemes-bin libkf5iconthemes-data libkf5iconthemes5 libkf5idletime5
  libkf5itemviews-data libkf5itemviews5 libkf5style5 libkf5waylandclient5
  libkf5widgetsaddons-data libkf5widgetsaddons5 libkf5windowsystem-data
  libkf5windowsystem5 libkfile4 libkhtml5 libkio5 libkjsapi4 libkjsembed4
  libkmediaplayer4 libknewstuff3-4 libknotifyconfig4 libkntlm4 libkparts4
  libkpty4 libkrosscore4 libktexteditor4 libkxmlrpcclient4 libmng2
  libmysqlclient20 libnl-route-3-200 libntrack-qt4-1 libntrack0 libphonon4
  libplasma3 libpolkit-qt-1-1 libpolkit-qt5-1-1 libqca2 libqca2-plugins
  libqt4-dbus libqt4-declarative libqt4-designer libqt4-network libqt4-opengl
  libqt4-qt3support libqt4-script libqt4-sql libqt4-sql-mysql libqt4-svg
  libqt4-xml libqt4-xmlpatterns libqt5core5a libqt5dbus5 libqt5gui5
  libqt5network5 libqt5qml5 libqt5quick5 libqt5script5 libqt5svg5
  libqt5waylandclient5 libqt5waylandcompositor5 libqt5widgets5
  libqt5x11extras5 libqt5xml5 libqtcore4 libqtdbus4 libqtgui4 libqtwebkit4
  libsolid4 libstreamanalyzer0v5 libstreams0v5 libthreadweaver4 libxcb-icccm4
  libxcb-image0 libxcb-keysyms1 libxcb-randr0 libxcb-render-util0
  libxcb-xinerama0 libxcb-xkb1 libxkbcommon-x11-0 libxml2-utils mysql-common
  ntrack-module-libnl-0 oxygen-icon-theme phonon phonon-backend-gstreamer
  phonon-backend-gstreamer-common plasma-scriptengine-javascript qdbus
  qt-at-spi qt5-gtk-platformtheme qtchooser qtcore4-l10n qttranslations5-l10n
  qtwayland5 sgml-base sgml-data xml-core
Suggested packages:
  docbook docbook-dsssl docbook-defguide dbtoepub docbook-xsl-doc-html
  | docbook-xsl-doc-pdf | docbook-xsl-doc-text | docbook-xsl-doc
  docbook-xsl-saxon fop libsaxon-java libxalan2-java libxslthl-java xalan
  libterm-readline-gnu-perl | libterm-readline-perl-perl djvulibre-bin finger
  exiv2 fam hspell libqt4-declarative-folderlistmodel
  libqt4-declarative-gestures libqt4-declarative-particles
  libqt4-declarative-shaders qt4-qmlviewer libqt4-dev
  qt5-image-formats-plugins qt5-qmltooling-plugins libicu55 qt4-qtconfig
  media-player-info phonon-backend-vlc gstreamer1.0-plugins-ugly
  phonon4qt5-backend-gstreamer sgml-base-doc perlsgml w3-recs opensp debhelper
The following NEW packages will be installed:
  breeze-icon-theme docbook-xml docbook-xsl fonts-dejavu icoutils kde-runtime
  kde-runtime-data kde-style-breeze kde-style-breeze-qt4 kdelibs-bin
  kdelibs5-data kdelibs5-plugins kdiff3 kdiff3-doc kdoctools kwayland-data
  kwayland-integration libattica0.4 libclucene-core1v5 libdbusmenu-qt2
  libdlrestrictions1 libdouble-conversion1 libexiv2-14 libfam0 libgpgme++2v5
  libkactivities6 libkcmutils4 libkde3support4 libkdeclarative5 libkdecore5
  libkdesu5 libkdeui5 libkdewebkit5 libkdnssd4 libkemoticons4 libkf5archive5
  libkf5auth-data libkf5auth5 libkf5codecs-data libkf5codecs5 libkf5config-bin
  libkf5config-data libkf5configcore5 libkf5configgui5
  libkf5configwidgets-data libkf5configwidgets5 libkf5coreaddons-data
  libkf5coreaddons5 libkf5guiaddons5 libkf5i18n-data libkf5i18n5
  libkf5iconthemes-bin libkf5iconthemes-data libkf5iconthemes5 libkf5idletime5
  libkf5itemviews-data libkf5itemviews5 libkf5style5 libkf5waylandclient5
  libkf5widgetsaddons-data libkf5widgetsaddons5 libkf5windowsystem-data
  libkf5windowsystem5 libkfile4 libkhtml5 libkio5 libkjsapi4 libkjsembed4
  libkmediaplayer4 libknewstuff3-4 libknotifyconfig4 libkntlm4 libkparts4
  libkpty4 libkrosscore4 libktexteditor4 libkxmlrpcclient4 libmng2
  libmysqlclient20 libnl-route-3-200 libntrack-qt4-1 libntrack0 libphonon4
  libplasma3 libpolkit-qt-1-1 libpolkit-qt5-1-1 libqca2 libqca2-plugins
  libqt4-dbus libqt4-declarative libqt4-designer libqt4-network libqt4-opengl
  libqt4-qt3support libqt4-script libqt4-sql libqt4-sql-mysql libqt4-svg
  libqt4-xml libqt4-xmlpatterns libqt5core5a libqt5dbus5 libqt5gui5
  libqt5network5 libqt5qml5 libqt5quick5 libqt5script5 libqt5svg5
  libqt5waylandclient5 libqt5waylandcompositor5 libqt5widgets5
  libqt5x11extras5 libqt5xml5 libqtcore4 libqtdbus4 libqtgui4 libqtwebkit4
  libsolid4 libstreamanalyzer0v5 libstreams0v5 libthreadweaver4 libxcb-icccm4
  libxcb-image0 libxcb-keysyms1 libxcb-randr0 libxcb-render-util0
  libxcb-xinerama0 libxcb-xkb1 libxkbcommon-x11-0 libxml2-utils mysql-common
  ntrack-module-libnl-0 oxygen-icon-theme phonon phonon-backend-gstreamer
  phonon-backend-gstreamer-common plasma-scriptengine-javascript qdbus
  qt-at-spi qt5-gtk-platformtheme qtchooser qtcore4-l10n qttranslations5-l10n
  qtwayland5 sgml-base sgml-data xml-core
0 upgraded, 147 newly installed, 0 to remove and 501 not upgraded.
Need to get 103 MB of archives.
After this operation, 367 MB of additional disk space will be used.
Do you want to continue? [Y/n] y
Get:1 http://ap-south-1.ec2.archive.ubuntu.com/ubuntu bionic/universe amd64 libmng2 amd64 2.0.2-0ubuntu3 [169 kB]
Get:2 http://ap-south-1.ec2.archive.ubuntu.com/ubuntu bionic/main amd64 libdouble-conversion1 amd64 2.0.1-4ubuntu1 [33.0 kB]
Get:3 http://ap-south-1.ec2.archive.ubuntu.com/ubuntu bionic-updates/main amd64 libqt5core5a amd64 5.9.5+dfsg-0ubuntu2.6 [2035 kB]
Get:4 http://ap-south-1.ec2.archive.ubuntu.com/ubuntu bionic/universe amd64 libqt5script5 amd64 5.9.5+dfsg-0ubuntu1 [729 kB]
Get:5 http://ap-south-1.ec2.archive.ubuntu.com/ubuntu bionic-updates/main amd64 libqt5dbus5 amd64 5.9.5+dfsg-0ubuntu2.6 [195 kB]
Get:6 http://ap-south-1.ec2.archive.ubuntu.com/ubuntu bionic-updates/main amd64 libqt5network5 amd64 5.9.5+dfsg-0ubuntu2.6 [634 kB]
Get:7 http://ap-south-1.ec2.archive.ubuntu.com/ubuntu bionic/main amd64 libxcb-icccm4 amd64 0.4.1-1ubuntu1 [10.4 kB]
Get:8 http://ap-south-1.ec2.archive.ubuntu.com/ubuntu bionic/main amd64 libxcb-image0 amd64 0.4.0-1build1 [12.3 kB]
Get:9 http://ap-south-1.ec2.archive.ubuntu.com/ubuntu bionic/main amd64 libxcb-keysyms1 amd64 0.4.0-1 [8406 B]
Get:10 http://ap-south-1.ec2.archive.ubuntu.com/ubuntu bionic-updates/main amd64 libxcb-randr0 amd64 1.13-2~ubuntu18.04 [16.4 kB]
Get:11 http://ap-south-1.ec2.archive.ubuntu.com/ubuntu bionic/main amd64 libxcb-render-util0 amd64 0.3.9-1 [9638 B]
Get:12 http://ap-south-1.ec2.archive.ubuntu.com/ubuntu bionic-updates/main amd64 libxcb-xinerama0 amd64 1.13-2~ubuntu18.04 [5264 B]
Get:13 http://ap-south-1.ec2.archive.ubuntu.com/ubuntu bionic-updates/main amd64 libxcb-xkb1 amd64 1.13-2~ubuntu18.04 [30.1 kB]
Get:14 http://ap-south-1.ec2.archive.ubuntu.com/ubuntu bionic-updates/main amd64 libxkbcommon-x11-0 amd64 0.8.2-1~ubuntu18.04.1 [13.4 kB]
Get:15 http://ap-south-1.ec2.archive.ubuntu.com/ubuntu bionic-updates/main amd64 libqt5gui5 amd64 5.9.5+dfsg-0ubuntu2.6 [2568 kB]
Get:16 http://ap-south-1.ec2.archive.ubuntu.com/ubuntu bionic-updates/main amd64 libqt5widgets5 amd64 5.9.5+dfsg-0ubuntu2.6 [2203 kB]
Get:17 http://ap-south-1.ec2.archive.ubuntu.com/ubuntu bionic-updates/main amd64 libqt5svg5 amd64 5.9.5-0ubuntu1.1 [129 kB]
Get:18 http://ap-south-1.ec2.archive.ubuntu.com/ubuntu bionic/main amd64 sgml-base all 1.29 [12.3 kB]
Get:19 http://ap-south-1.ec2.archive.ubuntu.com/ubuntu bionic/main amd64 xml-core all 0.18 [21.3 kB]
Get:20 http://ap-south-1.ec2.archive.ubuntu.com/ubuntu bionic/universe amd64 sgml-data all 2.0.10 [173 kB]
Get:21 http://ap-south-1.ec2.archive.ubuntu.com/ubuntu bionic/universe amd64 docbook-xml all 4.5-8 [71.8 kB]
Get:22 http://ap-south-1.ec2.archive.ubuntu.com/ubuntu bionic/universe amd64 docbook-xsl all 1.79.1+dfsg-2 [1075 kB]
Get:23 http://ap-south-1.ec2.archive.ubuntu.com/ubuntu bionic/universe amd64 fonts-dejavu all 2.37-1 [3130 B]
Get:24 http://ap-south-1.ec2.archive.ubuntu.com/ubuntu bionic/universe amd64 icoutils amd64 0.32.3-1 [59.0 kB]
Get:25 http://ap-south-1.ec2.archive.ubuntu.com/ubuntu bionic/universe amd64 breeze-icon-theme all 4:5.44.0-0ubuntu1 [2291 kB]
Get:26 http://ap-south-1.ec2.archive.ubuntu.com/ubuntu bionic/universe amd64 kde-runtime-data all 4:17.08.3-0ubuntu1 [6815 kB]
Get:27 http://ap-south-1.ec2.archive.ubuntu.com/ubuntu bionic-updates/universe amd64 libkf5config-data all 5.44.0-0ubuntu1.1 [66.4 kB]
Get:28 http://ap-south-1.ec2.archive.ubuntu.com/ubuntu bionic-updates/universe amd64 libkf5configcore5 amd64 5.44.0-0ubuntu1.1 [112 kB]
Get:29 http://ap-south-1.ec2.archive.ubuntu.com/ubuntu bionic-updates/main amd64 libqt5xml5 amd64 5.9.5+dfsg-0ubuntu2.6 [99.4 kB]
Get:30 http://ap-south-1.ec2.archive.ubuntu.com/ubuntu bionic-updates/universe amd64 libkf5configgui5 amd64 5.44.0-0ubuntu1.1 [40.4 kB]
Get:31 http://ap-south-1.ec2.archive.ubuntu.com/ubuntu bionic/universe amd64 libkf5configwidgets-data all 5.44.0-0ubuntu1 [200 kB]
Get:32 http://ap-south-1.ec2.archive.ubuntu.com/ubuntu bionic/universe amd64 libkf5auth-data all 5.44.0-0ubuntu1 [19.5 kB]
Get:33 http://ap-south-1.ec2.archive.ubuntu.com/ubuntu bionic/universe amd64 libkf5coreaddons-data all 5.44.0a-0ubuntu1 [78.7 kB]
Get:34 http://ap-south-1.ec2.archive.ubuntu.com/ubuntu bionic/universe amd64 libfam0 amd64 2.7.0-17.2 [17.5 kB]
Get:35 http://ap-south-1.ec2.archive.ubuntu.com/ubuntu bionic/universe amd64 libkf5coreaddons5 amd64 5.44.0a-0ubuntu1 [197 kB]
Get:36 http://ap-south-1.ec2.archive.ubuntu.com/ubuntu bionic/universe amd64 libpolkit-qt5-1-1 amd64 0.112.0-5 [53.5 kB]
Get:37 http://ap-south-1.ec2.archive.ubuntu.com/ubuntu bionic/universe amd64 libkf5auth5 amd64 5.44.0-0ubuntu1 [50.6 kB]
Get:38 http://ap-south-1.ec2.archive.ubuntu.com/ubuntu bionic/universe amd64 libkf5codecs-data all 5.44.0-0ubuntu1 [40.6 kB]
Get:39 http://ap-south-1.ec2.archive.ubuntu.com/ubuntu bionic/universe amd64 libkf5codecs5 amd64 5.44.0-0ubuntu1 [88.8 kB]
Get:40 http://ap-south-1.ec2.archive.ubuntu.com/ubuntu bionic/universe amd64 libqt5x11extras5 amd64 5.9.5-0ubuntu1 [8596 B]
Get:41 http://ap-south-1.ec2.archive.ubuntu.com/ubuntu bionic/universe amd64 libkf5guiaddons5 amd64 5.44.0-0ubuntu1 [37.7 kB]
Get:42 http://ap-south-1.ec2.archive.ubuntu.com/ubuntu bionic/universe amd64 libkf5i18n-data all 5.44.0-0ubuntu1 [1038 kB]
Get:43 http://ap-south-1.ec2.archive.ubuntu.com/ubuntu bionic/universe amd64 libkf5i18n5 amd64 5.44.0-0ubuntu1 [109 kB]
Get:44 http://ap-south-1.ec2.archive.ubuntu.com/ubuntu bionic/universe amd64 libkf5widgetsaddons-data all 5.44.0-0ubuntu1 [1008 kB]
Get:45 http://ap-south-1.ec2.archive.ubuntu.com/ubuntu bionic/universe amd64 libkf5widgetsaddons5 amd64 5.44.0-0ubuntu1 [357 kB]
Get:46 http://ap-south-1.ec2.archive.ubuntu.com/ubuntu bionic/universe amd64 libkf5configwidgets5 amd64 5.44.0-0ubuntu1 [118 kB]
Get:47 http://ap-south-1.ec2.archive.ubuntu.com/ubuntu bionic/universe amd64 libkf5iconthemes-data all 5.44.0-0ubuntu1 [28.3 kB]
Get:48 http://ap-south-1.ec2.archive.ubuntu.com/ubuntu bionic/universe amd64 libkf5archive5 amd64 5.44.0-0ubuntu1 [81.2 kB]
Get:49 http://ap-south-1.ec2.archive.ubuntu.com/ubuntu bionic/universe amd64 libkf5itemviews-data all 5.44.0-0ubuntu1 [9724 B]
Get:50 http://ap-south-1.ec2.archive.ubuntu.com/ubuntu bionic/universe amd64 libkf5itemviews5 amd64 5.44.0-0ubuntu1 [72.5 kB]
Get:51 http://ap-south-1.ec2.archive.ubuntu.com/ubuntu bionic/universe amd64 libkf5iconthemes5 amd64 5.44.0-0ubuntu1 [81.9 kB]
Get:52 http://ap-south-1.ec2.archive.ubuntu.com/ubuntu bionic/universe amd64 libkf5style5 amd64 5.44.0-0ubuntu1 [13.7 kB]
Get:53 http://ap-south-1.ec2.archive.ubuntu.com/ubuntu bionic/universe amd64 kwayland-data all 4:5.44.0-0ubuntu1 [2924 B]
Get:54 http://ap-south-1.ec2.archive.ubuntu.com/ubuntu bionic/universe amd64 libkf5waylandclient5 amd64 4:5.44.0-0ubuntu1 [160 kB]
Get:55 http://ap-south-1.ec2.archive.ubuntu.com/ubuntu bionic/universe amd64 libkf5windowsystem-data all 5.44.0-0ubuntu1 [8308 B]
Get:56 http://ap-south-1.ec2.archive.ubuntu.com/ubuntu bionic/universe amd64 libkf5windowsystem5 amd64 5.44.0-0ubuntu1 [131 kB]
Get:57 http://ap-south-1.ec2.archive.ubuntu.com/ubuntu bionic-updates/universe amd64 libqt5qml5 amd64 5.9.5-0ubuntu1.1 [1242 kB]
Get:58 http://ap-south-1.ec2.archive.ubuntu.com/ubuntu bionic-updates/universe amd64 libqt5quick5 amd64 5.9.5-0ubuntu1.1 [1201 kB]
Get:59 http://ap-south-1.ec2.archive.ubuntu.com/ubuntu bionic-updates/universe amd64 kde-style-breeze amd64 4:5.12.8-0ubuntu0.1 [199 kB]
Get:60 http://ap-south-1.ec2.archive.ubuntu.com/ubuntu bionic/universe amd64 libdlrestrictions1 amd64 0.15.28ubuntu1 [10.6 kB]
Get:61 http://ap-south-1.ec2.archive.ubuntu.com/ubuntu bionic/universe amd64 qtcore4-l10n all 4:4.8.7+dfsg-7ubuntu1 [617 kB]
Get:62 http://ap-south-1.ec2.archive.ubuntu.com/ubuntu bionic/universe amd64 libqtcore4 amd64 4:4.8.7+dfsg-7ubuntu1 [1552 kB]
Get:63 http://ap-south-1.ec2.archive.ubuntu.com/ubuntu bionic/universe amd64 libqt4-xml amd64 4:4.8.7+dfsg-7ubuntu1 [96.1 kB]
Get:64 http://ap-south-1.ec2.archive.ubuntu.com/ubuntu bionic/universe amd64 libqtdbus4 amd64 4:4.8.7+dfsg-7ubuntu1 [186 kB]
Get:65 http://ap-south-1.ec2.archive.ubuntu.com/ubuntu bionic/main amd64 qtchooser amd64 64-ga1b6736-5 [24.1 kB]
Get:66 http://ap-south-1.ec2.archive.ubuntu.com/ubuntu bionic/universe amd64 qdbus amd64 4:4.8.7+dfsg-7ubuntu1 [30.0 kB]
Get:67 http://ap-south-1.ec2.archive.ubuntu.com/ubuntu bionic/universe amd64 libqt4-dbus amd64 4:4.8.7+dfsg-7ubuntu1 [6440 B]
Get:68 http://ap-south-1.ec2.archive.ubuntu.com/ubuntu bionic/universe amd64 libqt4-network amd64 4:4.8.7+dfsg-7ubuntu1 [562 kB]
Get:69 http://ap-south-1.ec2.archive.ubuntu.com/ubuntu bionic-updates/universe amd64 libkdecore5 amd64 4:4.14.38-0ubuntu3.1 [911 kB]
Get:70 http://ap-south-1.ec2.archive.ubuntu.com/ubuntu bionic/universe amd64 libattica0.4 amd64 0.4.2-2 [175 kB]
Get:71 http://ap-south-1.ec2.archive.ubuntu.com/ubuntu bionic/universe amd64 libqt4-script amd64 4:4.8.7+dfsg-7ubuntu1 [815 kB]
Get:72 http://ap-south-1.ec2.archive.ubuntu.com/ubuntu bionic/universe amd64 libqt4-sql amd64 4:4.8.7+dfsg-7ubuntu1 [98.5 kB]
Get:73 http://ap-south-1.ec2.archive.ubuntu.com/ubuntu bionic/universe amd64 libqt4-xmlpatterns amd64 4:4.8.7+dfsg-7ubuntu1 [1091 kB]
Get:74 http://ap-south-1.ec2.archive.ubuntu.com/ubuntu bionic/universe amd64 libqt4-declarative amd64 4:4.8.7+dfsg-7ubuntu1 [1089 kB]
Get:75 http://ap-south-1.ec2.archive.ubuntu.com/ubuntu bionic/universe amd64 libqtgui4 amd64 4:4.8.7+dfsg-7ubuntu1 [4115 kB]
Get:76 http://ap-south-1.ec2.archive.ubuntu.com/ubuntu bionic/universe amd64 libdbusmenu-qt2 amd64 0.9.3+16.04.20160218-1ubuntu1 [70.8 kB]
Get:77 http://ap-south-1.ec2.archive.ubuntu.com/ubuntu bionic/universe amd64 libqt4-svg amd64 4:4.8.7+dfsg-7ubuntu1 [138 kB]
Get:78 http://ap-south-1.ec2.archive.ubuntu.com/ubuntu bionic-updates/universe amd64 libkdeui5 amd64 4:4.14.38-0ubuntu3.1 [1291 kB]
Get:79 http://ap-south-1.ec2.archive.ubuntu.com/ubuntu bionic-updates/universe amd64 kde-style-breeze-qt4 amd64 4:5.12.8-0ubuntu0.1 [159 kB]
Get:80 http://ap-south-1.ec2.archive.ubuntu.com/ubuntu bionic-updates/universe amd64 libkjsapi4 amd64 4:4.14.38-0ubuntu3.1 [266 kB]
Get:81 http://ap-south-1.ec2.archive.ubuntu.com/ubuntu bionic-updates/universe amd64 libkjsembed4 amd64 4:4.14.38-0ubuntu3.1 [310 kB]
Get:82 http://ap-south-1.ec2.archive.ubuntu.com/ubuntu bionic-updates/universe amd64 libkrosscore4 amd64 4:4.14.38-0ubuntu3.1 [57.2 kB]
Get:83 http://ap-south-1.ec2.archive.ubuntu.com/ubuntu bionic-updates/universe amd64 kdelibs-bin amd64 4:4.14.38-0ubuntu3.1 [167 kB]
Get:84 http://ap-south-1.ec2.archive.ubuntu.com/ubuntu bionic-updates/universe amd64 kdelibs5-data all 4:4.14.38-0ubuntu3.1 [2619 kB]
Get:85 http://ap-south-1.ec2.archive.ubuntu.com/ubuntu bionic-updates/main amd64 libxml2-utils amd64 2.9.4+dfsg1-6.1ubuntu1.9 [35.9 kB]
Get:86 http://ap-south-1.ec2.archive.ubuntu.com/ubuntu bionic-updates/universe amd64 libsolid4 amd64 4:4.14.38-0ubuntu3.1 [273 kB]
Get:87 http://ap-south-1.ec2.archive.ubuntu.com/ubuntu bionic/main amd64 libclucene-core1v5 amd64 2.3.3.4+dfsg-1 [459 kB]
Get:88 http://ap-south-1.ec2.archive.ubuntu.com/ubuntu bionic-updates/main amd64 libexiv2-14 amd64 0.25-3.1ubuntu0.18.04.11 [678 kB]
Get:89 http://ap-south-1.ec2.archive.ubuntu.com/ubuntu bionic/universe amd64 libstreams0v5 amd64 0.7.8-2.2 [81.5 kB]
Get:90 http://ap-south-1.ec2.archive.ubuntu.com/ubuntu bionic/universe amd64 libstreamanalyzer0v5 amd64 0.7.8-2.2 [282 kB]
Get:91 http://ap-south-1.ec2.archive.ubuntu.com/ubuntu bionic-updates/universe amd64 libkio5 amd64 4:4.14.38-0ubuntu3.1 [840 kB]
Get:92 http://ap-south-1.ec2.archive.ubuntu.com/ubuntu bionic-updates/universe amd64 kdoctools amd64 4:4.14.38-0ubuntu3.1 [169 kB]
Get:93 http://ap-south-1.ec2.archive.ubuntu.com/ubuntu bionic-updates/universe amd64 libkparts4 amd64 4:4.14.38-0ubuntu3.1 [120 kB]
Get:94 http://ap-south-1.ec2.archive.ubuntu.com/ubuntu bionic-updates/universe amd64 libkpty4 amd64 4:4.14.38-0ubuntu3.1 [33.1 kB]
Get:95 http://ap-south-1.ec2.archive.ubuntu.com/ubuntu bionic/universe amd64 libqt4-designer amd64 4:4.8.7+dfsg-7ubuntu1 [3629 kB]
Get:96 http://ap-south-1.ec2.archive.ubuntu.com/ubuntu bionic/universe amd64 libqt4-qt3support amd64 4:4.8.7+dfsg-7ubuntu1 [1049 kB]
Get:97 http://ap-south-1.ec2.archive.ubuntu.com/ubuntu bionic-updates/universe amd64 libkde3support4 amd64 4:4.14.38-0ubuntu3.1 [304 kB]
Get:98 http://ap-south-1.ec2.archive.ubuntu.com/ubuntu bionic/universe amd64 libqt4-opengl amd64 4:4.8.7+dfsg-7ubuntu1 [301 kB]
Get:99 http://ap-south-1.ec2.archive.ubuntu.com/ubuntu bionic/universe amd64 libqtwebkit4 amd64 2.3.2-0ubuntu13 [9010 kB]
Get:100 http://ap-south-1.ec2.archive.ubuntu.com/ubuntu bionic-updates/universe amd64 libkdewebkit5 amd64 4:4.14.38-0ubuntu3.1 [62.2 kB]
Get:101 http://ap-south-1.ec2.archive.ubuntu.com/ubuntu bionic-updates/universe amd64 libkemoticons4 amd64 4:4.14.38-0ubuntu3.1 [41.6 kB]
Get:102 http://ap-south-1.ec2.archive.ubuntu.com/ubuntu bionic-updates/universe amd64 libkfile4 amd64 4:4.14.38-0ubuntu3.1 [221 kB]
Get:103 http://ap-south-1.ec2.archive.ubuntu.com/ubuntu bionic-updates/universe amd64 libktexteditor4 amd64 4:4.14.38-0ubuntu3.1 [95.8 kB]
Get:104 http://ap-south-1.ec2.archive.ubuntu.com/ubuntu bionic/universe amd64 libphonon4 amd64 4:4.10.0-2 [161 kB]
Get:105 http://ap-south-1.ec2.archive.ubuntu.com/ubuntu bionic-updates/universe amd64 libkhtml5 amd64 4:4.14.38-0ubuntu3.1 [1910 kB]
Get:106 http://ap-south-1.ec2.archive.ubuntu.com/ubuntu bionic-updates/universe amd64 libkntlm4 amd64 4:4.14.38-0ubuntu3.1 [28.4 kB]
Get:107 http://ap-south-1.ec2.archive.ubuntu.com/ubuntu bionic/universe amd64 libpolkit-qt-1-1 amd64 0.112.0-5 [53.4 kB]
Get:108 http://ap-south-1.ec2.archive.ubuntu.com/ubuntu bionic-updates/universe amd64 kdelibs5-plugins amd64 4:4.14.38-0ubuntu3.1 [953 kB]
Get:109 http://ap-south-1.ec2.archive.ubuntu.com/ubuntu bionic/universe amd64 oxygen-icon-theme all 5:5.44.0-0ubuntu1 [30.4 MB]
Get:110 http://ap-south-1.ec2.archive.ubuntu.com/ubuntu bionic-updates/universe amd64 libkcmutils4 amd64 4:4.14.38-0ubuntu3.1 [94.8 kB]
Get:111 http://ap-south-1.ec2.archive.ubuntu.com/ubuntu bionic-updates/universe amd64 libkdnssd4 amd64 4:4.14.38-0ubuntu3.1 [68.0 kB]
Get:112 http://ap-south-1.ec2.archive.ubuntu.com/ubuntu bionic-updates/universe amd64 libknewstuff3-4 amd64 4:4.14.38-0ubuntu3.1 [157 kB]
Get:113 http://ap-south-1.ec2.archive.ubuntu.com/ubuntu bionic/universe amd64 libqca2 amd64 2.1.3-2ubuntu2 [300 kB]
Get:114 http://ap-south-1.ec2.archive.ubuntu.com/ubuntu bionic-updates/universe amd64 libthreadweaver4 amd64 4:4.14.38-0ubuntu3.1 [47.4 kB]
Get:115 http://ap-south-1.ec2.archive.ubuntu.com/ubuntu bionic-updates/universe amd64 libplasma3 amd64 4:4.14.38-0ubuntu3.1 [915 kB]
Get:116 http://ap-south-1.ec2.archive.ubuntu.com/ubuntu bionic/universe amd64 plasma-scriptengine-javascript amd64 4:17.08.3-0ubuntu1 [401 kB]
Get:117 http://ap-south-1.ec2.archive.ubuntu.com/ubuntu bionic/universe amd64 libgpgme++2v5 amd64 4:4.14.10-1ubuntu7 [98.4 kB]
Get:118 http://ap-south-1.ec2.archive.ubuntu.com/ubuntu bionic/universe amd64 libkactivities6 amd64 4:4.13.3-0ubuntu7 [38.3 kB]
Get:119 http://ap-south-1.ec2.archive.ubuntu.com/ubuntu bionic-updates/universe amd64 libkdeclarative5 amd64 4:4.14.38-0ubuntu3.1 [39.2 kB]
Get:120 http://ap-south-1.ec2.archive.ubuntu.com/ubuntu bionic-updates/universe amd64 libkdesu5 amd64 4:4.14.38-0ubuntu3.1 [49.7 kB]
Get:121 http://ap-south-1.ec2.archive.ubuntu.com/ubuntu bionic-updates/universe amd64 libkmediaplayer4 amd64 4:4.14.38-0ubuntu3.1 [29.2 kB]
Get:122 http://ap-south-1.ec2.archive.ubuntu.com/ubuntu bionic-updates/universe amd64 libknotifyconfig4 amd64 4:4.14.38-0ubuntu3.1 [40.0 kB]
Get:123 http://ap-south-1.ec2.archive.ubuntu.com/ubuntu bionic/universe amd64 libkxmlrpcclient4 amd64 4:4.14.10-1ubuntu7 [28.0 kB]
Get:124 http://ap-south-1.ec2.archive.ubuntu.com/ubuntu bionic/main amd64 libnl-route-3-200 amd64 3.2.29-0ubuntu3 [146 kB]
Get:125 http://ap-south-1.ec2.archive.ubuntu.com/ubuntu bionic/universe amd64 ntrack-module-libnl-0 amd64 016-1.3 [17.2 kB]
Get:126 http://ap-south-1.ec2.archive.ubuntu.com/ubuntu bionic/universe amd64 libntrack0 amd64 016-1.3 [7340 B]
Get:127 http://ap-south-1.ec2.archive.ubuntu.com/ubuntu bionic/universe amd64 libntrack-qt4-1 amd64 016-1.3 [6904 B]
Get:128 http://ap-south-1.ec2.archive.ubuntu.com/ubuntu bionic/universe amd64 phonon-backend-gstreamer-common amd64 4:4.9.0-1 [11.3 kB]
Get:129 http://ap-south-1.ec2.archive.ubuntu.com/ubuntu bionic/universe amd64 phonon-backend-gstreamer amd64 4:4.9.0-1 [123 kB]
Get:130 http://ap-south-1.ec2.archive.ubuntu.com/ubuntu bionic/universe amd64 phonon amd64 4:4.10.0-2 [8132 B]
Get:131 http://ap-south-1.ec2.archive.ubuntu.com/ubuntu bionic/universe amd64 kde-runtime amd64 4:17.08.3-0ubuntu1 [1878 kB]
Get:132 http://ap-south-1.ec2.archive.ubuntu.com/ubuntu bionic/universe amd64 kdiff3 amd64 0.9.98-4 [593 kB]
Get:133 http://ap-south-1.ec2.archive.ubuntu.com/ubuntu bionic/universe amd64 kdiff3-doc all 0.9.98-4 [606 kB]
Get:134 http://ap-south-1.ec2.archive.ubuntu.com/ubuntu bionic/universe amd64 libqt5waylandclient5 amd64 5.9.5-0ubuntu1 [262 kB]
Get:135 http://ap-south-1.ec2.archive.ubuntu.com/ubuntu bionic/universe amd64 libqt5waylandcompositor5 amd64 5.9.5-0ubuntu1 [234 kB]
Get:136 http://ap-south-1.ec2.archive.ubuntu.com/ubuntu bionic/universe amd64 qtwayland5 amd64 5.9.5-0ubuntu1 [117 kB]
Get:137 http://ap-south-1.ec2.archive.ubuntu.com/ubuntu bionic/universe amd64 libkf5idletime5 amd64 5.44.0-0ubuntu1 [26.8 kB]
Get:138 http://ap-south-1.ec2.archive.ubuntu.com/ubuntu bionic/universe amd64 kwayland-integration amd64 4:5.12.4-0ubuntu1 [21.8 kB]
Get:139 http://ap-south-1.ec2.archive.ubuntu.com/ubuntu bionic-updates/universe amd64 libkf5config-bin amd64 5.44.0-0ubuntu1.1 [30.9 kB]
Get:140 http://ap-south-1.ec2.archive.ubuntu.com/ubuntu bionic/universe amd64 libkf5iconthemes-bin amd64 5.44.0-0ubuntu1 [5924 B]
Get:141 http://ap-south-1.ec2.archive.ubuntu.com/ubuntu bionic/main amd64 mysql-common all 5.8+1.0.4 [7308 B]
Get:142 http://ap-south-1.ec2.archive.ubuntu.com/ubuntu bionic-updates/main amd64 libmysqlclient20 amd64 5.7.42-0ubuntu0.18.04.1 [730 kB]
Get:143 http://ap-south-1.ec2.archive.ubuntu.com/ubuntu bionic/universe amd64 libqca2-plugins amd64 2.1.3-2ubuntu2 [184 kB]
Get:144 http://ap-south-1.ec2.archive.ubuntu.com/ubuntu bionic/universe amd64 libqt4-sql-mysql amd64 4:4.8.7+dfsg-7ubuntu1 [30.5 kB]
Get:145 http://ap-south-1.ec2.archive.ubuntu.com/ubuntu bionic/universe amd64 qt-at-spi amd64 0.4.0-8 [58.6 kB]
Get:146 http://ap-south-1.ec2.archive.ubuntu.com/ubuntu bionic-updates/main amd64 qt5-gtk-platformtheme amd64 5.9.5+dfsg-0ubuntu2.6 [117 kB]
Get:147 http://ap-south-1.ec2.archive.ubuntu.com/ubuntu bionic/main amd64 qttranslations5-l10n all 5.9.5-0ubuntu1 [1485 kB]
Fetched 103 MB in 37s (2746 kB/s)                                              
Extracting templates from packages: 100%
Preconfiguring packages ...
Selecting previously unselected package libmng2:amd64.
(Reading database ... 189069 files and directories currently installed.)
Preparing to unpack .../000-libmng2_2.0.2-0ubuntu3_amd64.deb ...
Unpacking libmng2:amd64 (2.0.2-0ubuntu3) ...
Selecting previously unselected package libdouble-conversion1:amd64.
Preparing to unpack .../001-libdouble-conversion1_2.0.1-4ubuntu1_amd64.deb ...
Unpacking libdouble-conversion1:amd64 (2.0.1-4ubuntu1) ...
Selecting previously unselected package libqt5core5a:amd64.
Preparing to unpack .../002-libqt5core5a_5.9.5+dfsg-0ubuntu2.6_amd64.deb ...
Unpacking libqt5core5a:amd64 (5.9.5+dfsg-0ubuntu2.6) ...
Selecting previously unselected package libqt5script5:amd64.
Preparing to unpack .../003-libqt5script5_5.9.5+dfsg-0ubuntu1_amd64.deb ...
Unpacking libqt5script5:amd64 (5.9.5+dfsg-0ubuntu1) ...
Selecting previously unselected package libqt5dbus5:amd64.
Preparing to unpack .../004-libqt5dbus5_5.9.5+dfsg-0ubuntu2.6_amd64.deb ...
Unpacking libqt5dbus5:amd64 (5.9.5+dfsg-0ubuntu2.6) ...
Selecting previously unselected package libqt5network5:amd64.
Preparing to unpack .../005-libqt5network5_5.9.5+dfsg-0ubuntu2.6_amd64.deb ...
Unpacking libqt5network5:amd64 (5.9.5+dfsg-0ubuntu2.6) ...
Selecting previously unselected package libxcb-icccm4:amd64.
Preparing to unpack .../006-libxcb-icccm4_0.4.1-1ubuntu1_amd64.deb ...
Unpacking libxcb-icccm4:amd64 (0.4.1-1ubuntu1) ...
Selecting previously unselected package libxcb-image0:amd64.
Preparing to unpack .../007-libxcb-image0_0.4.0-1build1_amd64.deb ...
Unpacking libxcb-image0:amd64 (0.4.0-1build1) ...
Selecting previously unselected package libxcb-keysyms1:amd64.
Preparing to unpack .../008-libxcb-keysyms1_0.4.0-1_amd64.deb ...
Unpacking libxcb-keysyms1:amd64 (0.4.0-1) ...
Selecting previously unselected package libxcb-randr0:amd64.
Preparing to unpack .../009-libxcb-randr0_1.13-2~ubuntu18.04_amd64.deb ...
Unpacking libxcb-randr0:amd64 (1.13-2~ubuntu18.04) ...
Selecting previously unselected package libxcb-render-util0:amd64.
Preparing to unpack .../010-libxcb-render-util0_0.3.9-1_amd64.deb ...
Unpacking libxcb-render-util0:amd64 (0.3.9-1) ...
Selecting previously unselected package libxcb-xinerama0:amd64.
Preparing to unpack .../011-libxcb-xinerama0_1.13-2~ubuntu18.04_amd64.deb ...
Unpacking libxcb-xinerama0:amd64 (1.13-2~ubuntu18.04) ...
Selecting previously unselected package libxcb-xkb1:amd64.
Preparing to unpack .../012-libxcb-xkb1_1.13-2~ubuntu18.04_amd64.deb ...
Unpacking libxcb-xkb1:amd64 (1.13-2~ubuntu18.04) ...
Selecting previously unselected package libxkbcommon-x11-0:amd64.
Preparing to unpack .../013-libxkbcommon-x11-0_0.8.2-1~ubuntu18.04.1_amd64.deb ...
Unpacking libxkbcommon-x11-0:amd64 (0.8.2-1~ubuntu18.04.1) ...
Selecting previously unselected package libqt5gui5:amd64.
Preparing to unpack .../014-libqt5gui5_5.9.5+dfsg-0ubuntu2.6_amd64.deb ...
Unpacking libqt5gui5:amd64 (5.9.5+dfsg-0ubuntu2.6) ...
Selecting previously unselected package libqt5widgets5:amd64.
Preparing to unpack .../015-libqt5widgets5_5.9.5+dfsg-0ubuntu2.6_amd64.deb ...
Unpacking libqt5widgets5:amd64 (5.9.5+dfsg-0ubuntu2.6) ...
Selecting previously unselected package libqt5svg5:amd64.
Preparing to unpack .../016-libqt5svg5_5.9.5-0ubuntu1.1_amd64.deb ...
Unpacking libqt5svg5:amd64 (5.9.5-0ubuntu1.1) ...
Selecting previously unselected package sgml-base.
Preparing to unpack .../017-sgml-base_1.29_all.deb ...
Unpacking sgml-base (1.29) ...
Selecting previously unselected package xml-core.
Preparing to unpack .../018-xml-core_0.18_all.deb ...
Unpacking xml-core (0.18) ...
Selecting previously unselected package sgml-data.
Preparing to unpack .../019-sgml-data_2.0.10_all.deb ...
Unpacking sgml-data (2.0.10) ...
Selecting previously unselected package docbook-xml.
Preparing to unpack .../020-docbook-xml_4.5-8_all.deb ...
Unpacking docbook-xml (4.5-8) ...
Selecting previously unselected package docbook-xsl.
Preparing to unpack .../021-docbook-xsl_1.79.1+dfsg-2_all.deb ...
Unpacking docbook-xsl (1.79.1+dfsg-2) ...
Selecting previously unselected package fonts-dejavu.
Preparing to unpack .../022-fonts-dejavu_2.37-1_all.deb ...
Unpacking fonts-dejavu (2.37-1) ...
Selecting previously unselected package icoutils.
Preparing to unpack .../023-icoutils_0.32.3-1_amd64.deb ...
Unpacking icoutils (0.32.3-1) ...
Selecting previously unselected package breeze-icon-theme.
Preparing to unpack .../024-breeze-icon-theme_4%3a5.44.0-0ubuntu1_all.deb ...
Unpacking breeze-icon-theme (4:5.44.0-0ubuntu1) ...
Selecting previously unselected package kde-runtime-data.
Preparing to unpack .../025-kde-runtime-data_4%3a17.08.3-0ubuntu1_all.deb ...
Unpacking kde-runtime-data (4:17.08.3-0ubuntu1) ...
Selecting previously unselected package libkf5config-data.
Preparing to unpack .../026-libkf5config-data_5.44.0-0ubuntu1.1_all.deb ...
Unpacking libkf5config-data (5.44.0-0ubuntu1.1) ...
Selecting previously unselected package libkf5configcore5:amd64.
Preparing to unpack .../027-libkf5configcore5_5.44.0-0ubuntu1.1_amd64.deb ...
Unpacking libkf5configcore5:amd64 (5.44.0-0ubuntu1.1) ...
Selecting previously unselected package libqt5xml5:amd64.
Preparing to unpack .../028-libqt5xml5_5.9.5+dfsg-0ubuntu2.6_amd64.deb ...
Unpacking libqt5xml5:amd64 (5.9.5+dfsg-0ubuntu2.6) ...
Selecting previously unselected package libkf5configgui5:amd64.
Preparing to unpack .../029-libkf5configgui5_5.44.0-0ubuntu1.1_amd64.deb ...
Unpacking libkf5configgui5:amd64 (5.44.0-0ubuntu1.1) ...
Selecting previously unselected package libkf5configwidgets-data.
Preparing to unpack .../030-libkf5configwidgets-data_5.44.0-0ubuntu1_all.deb ...
Unpacking libkf5configwidgets-data (5.44.0-0ubuntu1) ...
Selecting previously unselected package libkf5auth-data.
Preparing to unpack .../031-libkf5auth-data_5.44.0-0ubuntu1_all.deb ...
Unpacking libkf5auth-data (5.44.0-0ubuntu1) ...
Selecting previously unselected package libkf5coreaddons-data.
Preparing to unpack .../032-libkf5coreaddons-data_5.44.0a-0ubuntu1_all.deb ...
Unpacking libkf5coreaddons-data (5.44.0a-0ubuntu1) ...
Selecting previously unselected package libfam0:amd64.
Preparing to unpack .../033-libfam0_2.7.0-17.2_amd64.deb ...
Unpacking libfam0:amd64 (2.7.0-17.2) ...
Selecting previously unselected package libkf5coreaddons5:amd64.
Preparing to unpack .../034-libkf5coreaddons5_5.44.0a-0ubuntu1_amd64.deb ...
Unpacking libkf5coreaddons5:amd64 (5.44.0a-0ubuntu1) ...
Selecting previously unselected package libpolkit-qt5-1-1:amd64.
Preparing to unpack .../035-libpolkit-qt5-1-1_0.112.0-5_amd64.deb ...
Unpacking libpolkit-qt5-1-1:amd64 (0.112.0-5) ...
Selecting previously unselected package libkf5auth5:amd64.
Preparing to unpack .../036-libkf5auth5_5.44.0-0ubuntu1_amd64.deb ...
Unpacking libkf5auth5:amd64 (5.44.0-0ubuntu1) ...
Selecting previously unselected package libkf5codecs-data.
Preparing to unpack .../037-libkf5codecs-data_5.44.0-0ubuntu1_all.deb ...
Unpacking libkf5codecs-data (5.44.0-0ubuntu1) ...
Selecting previously unselected package libkf5codecs5:amd64.
Preparing to unpack .../038-libkf5codecs5_5.44.0-0ubuntu1_amd64.deb ...
Unpacking libkf5codecs5:amd64 (5.44.0-0ubuntu1) ...
Selecting previously unselected package libqt5x11extras5:amd64.
Preparing to unpack .../039-libqt5x11extras5_5.9.5-0ubuntu1_amd64.deb ...
Unpacking libqt5x11extras5:amd64 (5.9.5-0ubuntu1) ...
Selecting previously unselected package libkf5guiaddons5:amd64.
Preparing to unpack .../040-libkf5guiaddons5_5.44.0-0ubuntu1_amd64.deb ...
Unpacking libkf5guiaddons5:amd64 (5.44.0-0ubuntu1) ...
Selecting previously unselected package libkf5i18n-data.
Preparing to unpack .../041-libkf5i18n-data_5.44.0-0ubuntu1_all.deb ...
Unpacking libkf5i18n-data (5.44.0-0ubuntu1) ...
Selecting previously unselected package libkf5i18n5:amd64.
Preparing to unpack .../042-libkf5i18n5_5.44.0-0ubuntu1_amd64.deb ...
Unpacking libkf5i18n5:amd64 (5.44.0-0ubuntu1) ...
Selecting previously unselected package libkf5widgetsaddons-data.
Preparing to unpack .../043-libkf5widgetsaddons-data_5.44.0-0ubuntu1_all.deb ...
Unpacking libkf5widgetsaddons-data (5.44.0-0ubuntu1) ...
Selecting previously unselected package libkf5widgetsaddons5:amd64.
Preparing to unpack .../044-libkf5widgetsaddons5_5.44.0-0ubuntu1_amd64.deb ...
Unpacking libkf5widgetsaddons5:amd64 (5.44.0-0ubuntu1) ...
Selecting previously unselected package libkf5configwidgets5:amd64.
Preparing to unpack .../045-libkf5configwidgets5_5.44.0-0ubuntu1_amd64.deb ...
Unpacking libkf5configwidgets5:amd64 (5.44.0-0ubuntu1) ...
Selecting previously unselected package libkf5iconthemes-data.
Preparing to unpack .../046-libkf5iconthemes-data_5.44.0-0ubuntu1_all.deb ...
Unpacking libkf5iconthemes-data (5.44.0-0ubuntu1) ...
Selecting previously unselected package libkf5archive5:amd64.
Preparing to unpack .../047-libkf5archive5_5.44.0-0ubuntu1_amd64.deb ...
Unpacking libkf5archive5:amd64 (5.44.0-0ubuntu1) ...
Selecting previously unselected package libkf5itemviews-data.
Preparing to unpack .../048-libkf5itemviews-data_5.44.0-0ubuntu1_all.deb ...
Unpacking libkf5itemviews-data (5.44.0-0ubuntu1) ...
Selecting previously unselected package libkf5itemviews5:amd64.
Preparing to unpack .../049-libkf5itemviews5_5.44.0-0ubuntu1_amd64.deb ...
Unpacking libkf5itemviews5:amd64 (5.44.0-0ubuntu1) ...
Selecting previously unselected package libkf5iconthemes5:amd64.
Preparing to unpack .../050-libkf5iconthemes5_5.44.0-0ubuntu1_amd64.deb ...
Unpacking libkf5iconthemes5:amd64 (5.44.0-0ubuntu1) ...
Selecting previously unselected package libkf5style5:amd64.
Preparing to unpack .../051-libkf5style5_5.44.0-0ubuntu1_amd64.deb ...
Unpacking libkf5style5:amd64 (5.44.0-0ubuntu1) ...
Selecting previously unselected package kwayland-data.
Preparing to unpack .../052-kwayland-data_4%3a5.44.0-0ubuntu1_all.deb ...
Unpacking kwayland-data (4:5.44.0-0ubuntu1) ...
Selecting previously unselected package libkf5waylandclient5:amd64.
Preparing to unpack .../053-libkf5waylandclient5_4%3a5.44.0-0ubuntu1_amd64.deb ...
Unpacking libkf5waylandclient5:amd64 (4:5.44.0-0ubuntu1) ...
Selecting previously unselected package libkf5windowsystem-data.
Preparing to unpack .../054-libkf5windowsystem-data_5.44.0-0ubuntu1_all.deb ...
Unpacking libkf5windowsystem-data (5.44.0-0ubuntu1) ...
Selecting previously unselected package libkf5windowsystem5:amd64.
Preparing to unpack .../055-libkf5windowsystem5_5.44.0-0ubuntu1_amd64.deb ...
Unpacking libkf5windowsystem5:amd64 (5.44.0-0ubuntu1) ...
Selecting previously unselected package libqt5qml5:amd64.
Preparing to unpack .../056-libqt5qml5_5.9.5-0ubuntu1.1_amd64.deb ...
Unpacking libqt5qml5:amd64 (5.9.5-0ubuntu1.1) ...
Selecting previously unselected package libqt5quick5:amd64.
Preparing to unpack .../057-libqt5quick5_5.9.5-0ubuntu1.1_amd64.deb ...
Unpacking libqt5quick5:amd64 (5.9.5-0ubuntu1.1) ...
Selecting previously unselected package kde-style-breeze.
Preparing to unpack .../058-kde-style-breeze_4%3a5.12.8-0ubuntu0.1_amd64.deb ...
Unpacking kde-style-breeze (4:5.12.8-0ubuntu0.1) ...
Selecting previously unselected package libdlrestrictions1.
Preparing to unpack .../059-libdlrestrictions1_0.15.28ubuntu1_amd64.deb ...
Unpacking libdlrestrictions1 (0.15.28ubuntu1) ...
Selecting previously unselected package qtcore4-l10n.
Preparing to unpack .../060-qtcore4-l10n_4%3a4.8.7+dfsg-7ubuntu1_all.deb ...
Unpacking qtcore4-l10n (4:4.8.7+dfsg-7ubuntu1) ...
Selecting previously unselected package libqtcore4:amd64.
Preparing to unpack .../061-libqtcore4_4%3a4.8.7+dfsg-7ubuntu1_amd64.deb ...
Unpacking libqtcore4:amd64 (4:4.8.7+dfsg-7ubuntu1) ...
Selecting previously unselected package libqt4-xml:amd64.
Preparing to unpack .../062-libqt4-xml_4%3a4.8.7+dfsg-7ubuntu1_amd64.deb ...
Unpacking libqt4-xml:amd64 (4:4.8.7+dfsg-7ubuntu1) ...
Selecting previously unselected package libqtdbus4:amd64.
Preparing to unpack .../063-libqtdbus4_4%3a4.8.7+dfsg-7ubuntu1_amd64.deb ...
Unpacking libqtdbus4:amd64 (4:4.8.7+dfsg-7ubuntu1) ...
Selecting previously unselected package qtchooser.
Preparing to unpack .../064-qtchooser_64-ga1b6736-5_amd64.deb ...
Unpacking qtchooser (64-ga1b6736-5) ...
Selecting previously unselected package qdbus.
Preparing to unpack .../065-qdbus_4%3a4.8.7+dfsg-7ubuntu1_amd64.deb ...
Unpacking qdbus (4:4.8.7+dfsg-7ubuntu1) ...
Selecting previously unselected package libqt4-dbus:amd64.
Preparing to unpack .../066-libqt4-dbus_4%3a4.8.7+dfsg-7ubuntu1_amd64.deb ...
Unpacking libqt4-dbus:amd64 (4:4.8.7+dfsg-7ubuntu1) ...
Selecting previously unselected package libqt4-network:amd64.
Preparing to unpack .../067-libqt4-network_4%3a4.8.7+dfsg-7ubuntu1_amd64.deb ...
Unpacking libqt4-network:amd64 (4:4.8.7+dfsg-7ubuntu1) ...
Selecting previously unselected package libkdecore5.
Preparing to unpack .../068-libkdecore5_4%3a4.14.38-0ubuntu3.1_amd64.deb ...
Unpacking libkdecore5 (4:4.14.38-0ubuntu3.1) ...
Selecting previously unselected package libattica0.4:amd64.
Preparing to unpack .../069-libattica0.4_0.4.2-2_amd64.deb ...
Unpacking libattica0.4:amd64 (0.4.2-2) ...
Selecting previously unselected package libqt4-script:amd64.
Preparing to unpack .../070-libqt4-script_4%3a4.8.7+dfsg-7ubuntu1_amd64.deb ...
Unpacking libqt4-script:amd64 (4:4.8.7+dfsg-7ubuntu1) ...
Selecting previously unselected package libqt4-sql:amd64.
Preparing to unpack .../071-libqt4-sql_4%3a4.8.7+dfsg-7ubuntu1_amd64.deb ...
Unpacking libqt4-sql:amd64 (4:4.8.7+dfsg-7ubuntu1) ...
Selecting previously unselected package libqt4-xmlpatterns:amd64.
Preparing to unpack .../072-libqt4-xmlpatterns_4%3a4.8.7+dfsg-7ubuntu1_amd64.deb ...
Unpacking libqt4-xmlpatterns:amd64 (4:4.8.7+dfsg-7ubuntu1) ...
Selecting previously unselected package libqt4-declarative:amd64.
Preparing to unpack .../073-libqt4-declarative_4%3a4.8.7+dfsg-7ubuntu1_amd64.deb ...
Unpacking libqt4-declarative:amd64 (4:4.8.7+dfsg-7ubuntu1) ...
Selecting previously unselected package libqtgui4:amd64.
Preparing to unpack .../074-libqtgui4_4%3a4.8.7+dfsg-7ubuntu1_amd64.deb ...
Unpacking libqtgui4:amd64 (4:4.8.7+dfsg-7ubuntu1) ...
Selecting previously unselected package libdbusmenu-qt2:amd64.
Preparing to unpack .../075-libdbusmenu-qt2_0.9.3+16.04.20160218-1ubuntu1_amd64.deb ...
Unpacking libdbusmenu-qt2:amd64 (0.9.3+16.04.20160218-1ubuntu1) ...
Selecting previously unselected package libqt4-svg:amd64.
Preparing to unpack .../076-libqt4-svg_4%3a4.8.7+dfsg-7ubuntu1_amd64.deb ...
Unpacking libqt4-svg:amd64 (4:4.8.7+dfsg-7ubuntu1) ...
Selecting previously unselected package libkdeui5.
Preparing to unpack .../077-libkdeui5_4%3a4.14.38-0ubuntu3.1_amd64.deb ...
Unpacking libkdeui5 (4:4.14.38-0ubuntu3.1) ...
Selecting previously unselected package kde-style-breeze-qt4.
Preparing to unpack .../078-kde-style-breeze-qt4_4%3a5.12.8-0ubuntu0.1_amd64.deb ...
Unpacking kde-style-breeze-qt4 (4:5.12.8-0ubuntu0.1) ...
Selecting previously unselected package libkjsapi4.
Preparing to unpack .../079-libkjsapi4_4%3a4.14.38-0ubuntu3.1_amd64.deb ...
Unpacking libkjsapi4 (4:4.14.38-0ubuntu3.1) ...
Selecting previously unselected package libkjsembed4.
Preparing to unpack .../080-libkjsembed4_4%3a4.14.38-0ubuntu3.1_amd64.deb ...
Unpacking libkjsembed4 (4:4.14.38-0ubuntu3.1) ...
Selecting previously unselected package libkrosscore4.
Preparing to unpack .../081-libkrosscore4_4%3a4.14.38-0ubuntu3.1_amd64.deb ...
Unpacking libkrosscore4 (4:4.14.38-0ubuntu3.1) ...
Selecting previously unselected package kdelibs-bin.
Preparing to unpack .../082-kdelibs-bin_4%3a4.14.38-0ubuntu3.1_amd64.deb ...
Unpacking kdelibs-bin (4:4.14.38-0ubuntu3.1) ...
Selecting previously unselected package kdelibs5-data.
Preparing to unpack .../083-kdelibs5-data_4%3a4.14.38-0ubuntu3.1_all.deb ...
Unpacking kdelibs5-data (4:4.14.38-0ubuntu3.1) ...
Selecting previously unselected package libxml2-utils.
Preparing to unpack .../084-libxml2-utils_2.9.4+dfsg1-6.1ubuntu1.9_amd64.deb ...
Unpacking libxml2-utils (2.9.4+dfsg1-6.1ubuntu1.9) ...
Selecting previously unselected package libsolid4.
Preparing to unpack .../085-libsolid4_4%3a4.14.38-0ubuntu3.1_amd64.deb ...
Unpacking libsolid4 (4:4.14.38-0ubuntu3.1) ...
Selecting previously unselected package libclucene-core1v5:amd64.
Preparing to unpack .../086-libclucene-core1v5_2.3.3.4+dfsg-1_amd64.deb ...
Unpacking libclucene-core1v5:amd64 (2.3.3.4+dfsg-1) ...
Selecting previously unselected package libexiv2-14:amd64.
Preparing to unpack .../087-libexiv2-14_0.25-3.1ubuntu0.18.04.11_amd64.deb ...
Unpacking libexiv2-14:amd64 (0.25-3.1ubuntu0.18.04.11) ...
Selecting previously unselected package libstreams0v5.
Preparing to unpack .../088-libstreams0v5_0.7.8-2.2_amd64.deb ...
Unpacking libstreams0v5 (0.7.8-2.2) ...
Selecting previously unselected package libstreamanalyzer0v5.
Preparing to unpack .../089-libstreamanalyzer0v5_0.7.8-2.2_amd64.deb ...
Unpacking libstreamanalyzer0v5 (0.7.8-2.2) ...
Selecting previously unselected package libkio5.
Preparing to unpack .../090-libkio5_4%3a4.14.38-0ubuntu3.1_amd64.deb ...
Unpacking libkio5 (4:4.14.38-0ubuntu3.1) ...
Selecting previously unselected package kdoctools.
Preparing to unpack .../091-kdoctools_4%3a4.14.38-0ubuntu3.1_amd64.deb ...
Unpacking kdoctools (4:4.14.38-0ubuntu3.1) ...
Selecting previously unselected package libkparts4.
Preparing to unpack .../092-libkparts4_4%3a4.14.38-0ubuntu3.1_amd64.deb ...
Unpacking libkparts4 (4:4.14.38-0ubuntu3.1) ...
Selecting previously unselected package libkpty4.
Preparing to unpack .../093-libkpty4_4%3a4.14.38-0ubuntu3.1_amd64.deb ...
Unpacking libkpty4 (4:4.14.38-0ubuntu3.1) ...
Selecting previously unselected package libqt4-designer:amd64.
Preparing to unpack .../094-libqt4-designer_4%3a4.8.7+dfsg-7ubuntu1_amd64.deb ...
Unpacking libqt4-designer:amd64 (4:4.8.7+dfsg-7ubuntu1) ...
Selecting previously unselected package libqt4-qt3support:amd64.
Preparing to unpack .../095-libqt4-qt3support_4%3a4.8.7+dfsg-7ubuntu1_amd64.deb ...
Unpacking libqt4-qt3support:amd64 (4:4.8.7+dfsg-7ubuntu1) ...
Selecting previously unselected package libkde3support4.
Preparing to unpack .../096-libkde3support4_4%3a4.14.38-0ubuntu3.1_amd64.deb ...
Unpacking libkde3support4 (4:4.14.38-0ubuntu3.1) ...
Selecting previously unselected package libqt4-opengl:amd64.
Preparing to unpack .../097-libqt4-opengl_4%3a4.8.7+dfsg-7ubuntu1_amd64.deb ...
Unpacking libqt4-opengl:amd64 (4:4.8.7+dfsg-7ubuntu1) ...
Selecting previously unselected package libqtwebkit4:amd64.
Preparing to unpack .../098-libqtwebkit4_2.3.2-0ubuntu13_amd64.deb ...
Unpacking libqtwebkit4:amd64 (2.3.2-0ubuntu13) ...
Selecting previously unselected package libkdewebkit5.
Preparing to unpack .../099-libkdewebkit5_4%3a4.14.38-0ubuntu3.1_amd64.deb ...
Unpacking libkdewebkit5 (4:4.14.38-0ubuntu3.1) ...
Selecting previously unselected package libkemoticons4.
Preparing to unpack .../100-libkemoticons4_4%3a4.14.38-0ubuntu3.1_amd64.deb ...
Unpacking libkemoticons4 (4:4.14.38-0ubuntu3.1) ...
Selecting previously unselected package libkfile4.
Preparing to unpack .../101-libkfile4_4%3a4.14.38-0ubuntu3.1_amd64.deb ...
Unpacking libkfile4 (4:4.14.38-0ubuntu3.1) ...
Selecting previously unselected package libktexteditor4.
Preparing to unpack .../102-libktexteditor4_4%3a4.14.38-0ubuntu3.1_amd64.deb ...
Unpacking libktexteditor4 (4:4.14.38-0ubuntu3.1) ...
Selecting previously unselected package libphonon4:amd64.
Preparing to unpack .../103-libphonon4_4%3a4.10.0-2_amd64.deb ...
Unpacking libphonon4:amd64 (4:4.10.0-2) ...
Selecting previously unselected package libkhtml5.
Preparing to unpack .../104-libkhtml5_4%3a4.14.38-0ubuntu3.1_amd64.deb ...
Unpacking libkhtml5 (4:4.14.38-0ubuntu3.1) ...
Selecting previously unselected package libkntlm4.
Preparing to unpack .../105-libkntlm4_4%3a4.14.38-0ubuntu3.1_amd64.deb ...
Unpacking libkntlm4 (4:4.14.38-0ubuntu3.1) ...
Selecting previously unselected package libpolkit-qt-1-1:amd64.
Preparing to unpack .../106-libpolkit-qt-1-1_0.112.0-5_amd64.deb ...
Unpacking libpolkit-qt-1-1:amd64 (0.112.0-5) ...
Selecting previously unselected package kdelibs5-plugins.
Preparing to unpack .../107-kdelibs5-plugins_4%3a4.14.38-0ubuntu3.1_amd64.deb ...
Unpacking kdelibs5-plugins (4:4.14.38-0ubuntu3.1) ...
Selecting previously unselected package oxygen-icon-theme.
Preparing to unpack .../108-oxygen-icon-theme_5%3a5.44.0-0ubuntu1_all.deb ...
Unpacking oxygen-icon-theme (5:5.44.0-0ubuntu1) ...
Selecting previously unselected package libkcmutils4.
Preparing to unpack .../109-libkcmutils4_4%3a4.14.38-0ubuntu3.1_amd64.deb ...
Unpacking libkcmutils4 (4:4.14.38-0ubuntu3.1) ...
Selecting previously unselected package libkdnssd4.
Preparing to unpack .../110-libkdnssd4_4%3a4.14.38-0ubuntu3.1_amd64.deb ...
Unpacking libkdnssd4 (4:4.14.38-0ubuntu3.1) ...
Selecting previously unselected package libknewstuff3-4.
Preparing to unpack .../111-libknewstuff3-4_4%3a4.14.38-0ubuntu3.1_amd64.deb ...
Unpacking libknewstuff3-4 (4:4.14.38-0ubuntu3.1) ...
Selecting previously unselected package libqca2:amd64.
Preparing to unpack .../112-libqca2_2.1.3-2ubuntu2_amd64.deb ...
Unpacking libqca2:amd64 (2.1.3-2ubuntu2) ...
Selecting previously unselected package libthreadweaver4.
Preparing to unpack .../113-libthreadweaver4_4%3a4.14.38-0ubuntu3.1_amd64.deb ...
Unpacking libthreadweaver4 (4:4.14.38-0ubuntu3.1) ...
Selecting previously unselected package libplasma3.
Preparing to unpack .../114-libplasma3_4%3a4.14.38-0ubuntu3.1_amd64.deb ...
Unpacking libplasma3 (4:4.14.38-0ubuntu3.1) ...
Selecting previously unselected package plasma-scriptengine-javascript.
Preparing to unpack .../115-plasma-scriptengine-javascript_4%3a17.08.3-0ubuntu1_amd64.deb ...
Unpacking plasma-scriptengine-javascript (4:17.08.3-0ubuntu1) ...
Selecting previously unselected package libgpgme++2v5.
Preparing to unpack .../116-libgpgme++2v5_4%3a4.14.10-1ubuntu7_amd64.deb ...
Unpacking libgpgme++2v5 (4:4.14.10-1ubuntu7) ...
Selecting previously unselected package libkactivities6.
Preparing to unpack .../117-libkactivities6_4%3a4.13.3-0ubuntu7_amd64.deb ...
Unpacking libkactivities6 (4:4.13.3-0ubuntu7) ...
Selecting previously unselected package libkdeclarative5.
Preparing to unpack .../118-libkdeclarative5_4%3a4.14.38-0ubuntu3.1_amd64.deb ...
Unpacking libkdeclarative5 (4:4.14.38-0ubuntu3.1) ...
Selecting previously unselected package libkdesu5.
Preparing to unpack .../119-libkdesu5_4%3a4.14.38-0ubuntu3.1_amd64.deb ...
Unpacking libkdesu5 (4:4.14.38-0ubuntu3.1) ...
Selecting previously unselected package libkmediaplayer4.
Preparing to unpack .../120-libkmediaplayer4_4%3a4.14.38-0ubuntu3.1_amd64.deb ...
Unpacking libkmediaplayer4 (4:4.14.38-0ubuntu3.1) ...
Selecting previously unselected package libknotifyconfig4.
Preparing to unpack .../121-libknotifyconfig4_4%3a4.14.38-0ubuntu3.1_amd64.deb ...
Unpacking libknotifyconfig4 (4:4.14.38-0ubuntu3.1) ...
Selecting previously unselected package libkxmlrpcclient4.
Preparing to unpack .../122-libkxmlrpcclient4_4%3a4.14.10-1ubuntu7_amd64.deb ...
Unpacking libkxmlrpcclient4 (4:4.14.10-1ubuntu7) ...
Selecting previously unselected package libnl-route-3-200:amd64.
Preparing to unpack .../123-libnl-route-3-200_3.2.29-0ubuntu3_amd64.deb ...
Unpacking libnl-route-3-200:amd64 (3.2.29-0ubuntu3) ...
Selecting previously unselected package ntrack-module-libnl-0.
Preparing to unpack .../124-ntrack-module-libnl-0_016-1.3_amd64.deb ...
Unpacking ntrack-module-libnl-0 (016-1.3) ...
Selecting previously unselected package libntrack0.
Preparing to unpack .../125-libntrack0_016-1.3_amd64.deb ...
Unpacking libntrack0 (016-1.3) ...
Selecting previously unselected package libntrack-qt4-1.
Preparing to unpack .../126-libntrack-qt4-1_016-1.3_amd64.deb ...
Unpacking libntrack-qt4-1 (016-1.3) ...
Selecting previously unselected package phonon-backend-gstreamer-common:amd64.
Preparing to unpack .../127-phonon-backend-gstreamer-common_4%3a4.9.0-1_amd64.deb ...
Unpacking phonon-backend-gstreamer-common:amd64 (4:4.9.0-1) ...
Selecting previously unselected package phonon-backend-gstreamer:amd64.
Preparing to unpack .../128-phonon-backend-gstreamer_4%3a4.9.0-1_amd64.deb ...
Unpacking phonon-backend-gstreamer:amd64 (4:4.9.0-1) ...
Selecting previously unselected package phonon:amd64.
Preparing to unpack .../129-phonon_4%3a4.10.0-2_amd64.deb ...
Unpacking phonon:amd64 (4:4.10.0-2) ...
Selecting previously unselected package kde-runtime.
Preparing to unpack .../130-kde-runtime_4%3a17.08.3-0ubuntu1_amd64.deb ...
Unpacking kde-runtime (4:17.08.3-0ubuntu1) ...
Selecting previously unselected package kdiff3.
Preparing to unpack .../131-kdiff3_0.9.98-4_amd64.deb ...
Unpacking kdiff3 (0.9.98-4) ...
Selecting previously unselected package kdiff3-doc.
Preparing to unpack .../132-kdiff3-doc_0.9.98-4_all.deb ...
Unpacking kdiff3-doc (0.9.98-4) ...
Selecting previously unselected package libqt5waylandclient5:amd64.
Preparing to unpack .../133-libqt5waylandclient5_5.9.5-0ubuntu1_amd64.deb ...
Unpacking libqt5waylandclient5:amd64 (5.9.5-0ubuntu1) ...
Selecting previously unselected package libqt5waylandcompositor5:amd64.
Preparing to unpack .../134-libqt5waylandcompositor5_5.9.5-0ubuntu1_amd64.deb ...
Unpacking libqt5waylandcompositor5:amd64 (5.9.5-0ubuntu1) ...
Selecting previously unselected package qtwayland5:amd64.
Preparing to unpack .../135-qtwayland5_5.9.5-0ubuntu1_amd64.deb ...
Unpacking qtwayland5:amd64 (5.9.5-0ubuntu1) ...
Selecting previously unselected package libkf5idletime5:amd64.
Preparing to unpack .../136-libkf5idletime5_5.44.0-0ubuntu1_amd64.deb ...
Unpacking libkf5idletime5:amd64 (5.44.0-0ubuntu1) ...
Selecting previously unselected package kwayland-integration:amd64.
Preparing to unpack .../137-kwayland-integration_4%3a5.12.4-0ubuntu1_amd64.deb ...
Unpacking kwayland-integration:amd64 (4:5.12.4-0ubuntu1) ...
Selecting previously unselected package libkf5config-bin.
Preparing to unpack .../138-libkf5config-bin_5.44.0-0ubuntu1.1_amd64.deb ...
Unpacking libkf5config-bin (5.44.0-0ubuntu1.1) ...
Selecting previously unselected package libkf5iconthemes-bin.
Preparing to unpack .../139-libkf5iconthemes-bin_5.44.0-0ubuntu1_amd64.deb ...
Unpacking libkf5iconthemes-bin (5.44.0-0ubuntu1) ...
Selecting previously unselected package mysql-common.
Preparing to unpack .../140-mysql-common_5.8+1.0.4_all.deb ...
Unpacking mysql-common (5.8+1.0.4) ...
Selecting previously unselected package libmysqlclient20:amd64.
Preparing to unpack .../141-libmysqlclient20_5.7.42-0ubuntu0.18.04.1_amd64.deb ...
Unpacking libmysqlclient20:amd64 (5.7.42-0ubuntu0.18.04.1) ...
Selecting previously unselected package libqca2-plugins:amd64.
Preparing to unpack .../142-libqca2-plugins_2.1.3-2ubuntu2_amd64.deb ...
Unpacking libqca2-plugins:amd64 (2.1.3-2ubuntu2) ...
Selecting previously unselected package libqt4-sql-mysql:amd64.
Preparing to unpack .../143-libqt4-sql-mysql_4%3a4.8.7+dfsg-7ubuntu1_amd64.deb ...
Unpacking libqt4-sql-mysql:amd64 (4:4.8.7+dfsg-7ubuntu1) ...
Selecting previously unselected package qt-at-spi:amd64.
Preparing to unpack .../144-qt-at-spi_0.4.0-8_amd64.deb ...
Unpacking qt-at-spi:amd64 (0.4.0-8) ...
Selecting previously unselected package qt5-gtk-platformtheme:amd64.
Preparing to unpack .../145-qt5-gtk-platformtheme_5.9.5+dfsg-0ubuntu2.6_amd64.deb ...
Unpacking qt5-gtk-platformtheme:amd64 (5.9.5+dfsg-0ubuntu2.6) ...
Selecting previously unselected package qttranslations5-l10n.
Preparing to unpack .../146-qttranslations5-l10n_5.9.5-0ubuntu1_all.deb ...
Unpacking qttranslations5-l10n (5.9.5-0ubuntu1) ...
Setting up libxcb-xinerama0:amd64 (1.13-2~ubuntu18.04) ...
Setting up libkf5config-data (5.44.0-0ubuntu1.1) ...
Setting up kdiff3-doc (0.9.98-4) ...
Setting up libexiv2-14:amd64 (0.25-3.1ubuntu0.18.04.11) ...
Setting up libkf5i18n-data (5.44.0-0ubuntu1) ...
Setting up libxcb-render-util0:amd64 (0.3.9-1) ...
Setting up libxcb-randr0:amd64 (1.13-2~ubuntu18.04) ...
Setting up libxcb-icccm4:amd64 (0.4.1-1ubuntu1) ...
Setting up libfam0:amd64 (2.7.0-17.2) ...
Setting up libgpgme++2v5 (4:4.14.10-1ubuntu7) ...
Setting up kwayland-data (4:5.44.0-0ubuntu1) ...
Setting up libxcb-image0:amd64 (0.4.0-1build1) ...
Setting up libdouble-conversion1:amd64 (2.0.1-4ubuntu1) ...
Setting up libdlrestrictions1 (0.15.28ubuntu1) ...
Setting up qtcore4-l10n (4:4.8.7+dfsg-7ubuntu1) ...
Setting up mysql-common (5.8+1.0.4) ...
update-alternatives: using /etc/mysql/my.cnf.fallback to provide /etc/mysql/my.cnf (my.cnf) in auto mode
Setting up qtchooser (64-ga1b6736-5) ...
Setting up libstreams0v5 (0.7.8-2.2) ...
Setting up libxml2-utils (2.9.4+dfsg1-6.1ubuntu1.9) ...
Setting up libkf5configwidgets-data (5.44.0-0ubuntu1) ...
Setting up libnl-route-3-200:amd64 (3.2.29-0ubuntu3) ...
Setting up libkf5auth-data (5.44.0-0ubuntu1) ...
Setting up sgml-base (1.29) ...
Setting up libclucene-core1v5:amd64 (2.3.3.4+dfsg-1) ...
Setting up libmng2:amd64 (2.0.2-0ubuntu3) ...
Setting up libstreamanalyzer0v5 (0.7.8-2.2) ...
Setting up phonon-backend-gstreamer-common:amd64 (4:4.9.0-1) ...
Setting up libkf5codecs-data (5.44.0-0ubuntu1) ...
Setting up libkf5widgetsaddons-data (5.44.0-0ubuntu1) ...
Setting up kdelibs5-data (4:4.14.38-0ubuntu3.1) ...
Setting up oxygen-icon-theme (5:5.44.0-0ubuntu1) ...
Setting up libqtcore4:amd64 (4:4.8.7+dfsg-7ubuntu1) ...
Setting up libqca2:amd64 (2.1.3-2ubuntu2) ...
Setting up qttranslations5-l10n (5.9.5-0ubuntu1) ...
Setting up libthreadweaver4 (4:4.14.38-0ubuntu3.1) ...
Setting up libxcb-keysyms1:amd64 (0.4.0-1) ...
Setting up breeze-icon-theme (4:5.44.0-0ubuntu1) ...
Setting up libmysqlclient20:amd64 (5.7.42-0ubuntu0.18.04.1) ...
Setting up libkf5windowsystem-data (5.44.0-0ubuntu1) ...
Setting up kde-runtime-data (4:17.08.3-0ubuntu1) ...
Setting up xml-core (0.18) ...
Setting up libkf5itemviews-data (5.44.0-0ubuntu1) ...
Setting up icoutils (0.32.3-1) ...
Setting up libkf5iconthemes-data (5.44.0-0ubuntu1) ...
Setting up libqt4-xml:amd64 (4:4.8.7+dfsg-7ubuntu1) ...
Setting up libkf5coreaddons-data (5.44.0a-0ubuntu1) ...
Setting up fonts-dejavu (2.37-1) ...
Setting up libxcb-xkb1:amd64 (1.13-2~ubuntu18.04) ...
Setting up libqt5core5a:amd64 (5.9.5+dfsg-0ubuntu2.6) ...
Setting up libqt5script5:amd64 (5.9.5+dfsg-0ubuntu1) ...
Setting up libkf5archive5:amd64 (5.44.0-0ubuntu1) ...
Setting up libqt5dbus5:amd64 (5.9.5+dfsg-0ubuntu2.6) ...
Setting up libqt5network5:amd64 (5.9.5+dfsg-0ubuntu2.6) ...
Setting up libqca2-plugins:amd64 (2.1.3-2ubuntu2) ...
Setting up libkf5i18n5:amd64 (5.44.0-0ubuntu1) ...
Setting up libqt4-sql:amd64 (4:4.8.7+dfsg-7ubuntu1) ...
Setting up libkf5configcore5:amd64 (5.44.0-0ubuntu1.1) ...
Setting up libxkbcommon-x11-0:amd64 (0.8.2-1~ubuntu18.04.1) ...
Setting up libqt5xml5:amd64 (5.9.5+dfsg-0ubuntu2.6) ...
Setting up libqt5gui5:amd64 (5.9.5+dfsg-0ubuntu2.6) ...
Setting up libkf5waylandclient5:amd64 (4:5.44.0-0ubuntu1) ...
Setting up qt5-gtk-platformtheme:amd64 (5.9.5+dfsg-0ubuntu2.6) ...
Setting up libqtdbus4:amd64 (4:4.8.7+dfsg-7ubuntu1) ...
Setting up libkf5codecs5:amd64 (5.44.0-0ubuntu1) ...
Setting up libkf5coreaddons5:amd64 (5.44.0a-0ubuntu1) ...
Setting up libqt5qml5:amd64 (5.9.5-0ubuntu1.1) ...
Setting up libqt5quick5:amd64 (5.9.5-0ubuntu1.1) ...
Setting up libqt5x11extras5:amd64 (5.9.5-0ubuntu1) ...
Setting up libqt5widgets5:amd64 (5.9.5+dfsg-0ubuntu2.6) ...
Setting up libkf5config-bin (5.44.0-0ubuntu1.1) ...
Setting up libkf5configgui5:amd64 (5.44.0-0ubuntu1.1) ...
Setting up libkf5windowsystem5:amd64 (5.44.0-0ubuntu1) ...
Setting up libqt4-script:amd64 (4:4.8.7+dfsg-7ubuntu1) ...
Setting up libqt4-sql-mysql:amd64 (4:4.8.7+dfsg-7ubuntu1) ...
Setting up libpolkit-qt5-1-1:amd64 (0.112.0-5) ...
Setting up libqt5waylandcompositor5:amd64 (5.9.5-0ubuntu1) ...
Setting up libqt5waylandclient5:amd64 (5.9.5-0ubuntu1) ...
Setting up libkf5auth5:amd64 (5.44.0-0ubuntu1) ...
Setting up qdbus (4:4.8.7+dfsg-7ubuntu1) ...
Setting up qtwayland5:amd64 (5.9.5-0ubuntu1) ...
Setting up libkf5itemviews5:amd64 (5.44.0-0ubuntu1) ...
Setting up libqt5svg5:amd64 (5.9.5-0ubuntu1.1) ...
Setting up libkf5idletime5:amd64 (5.44.0-0ubuntu1) ...
Setting up libkf5widgetsaddons5:amd64 (5.44.0-0ubuntu1) ...
Setting up libkf5guiaddons5:amd64 (5.44.0-0ubuntu1) ...
Setting up kwayland-integration:amd64 (4:5.12.4-0ubuntu1) ...
Setting up libqt4-dbus:amd64 (4:4.8.7+dfsg-7ubuntu1) ...
Setting up libqt4-network:amd64 (4:4.8.7+dfsg-7ubuntu1) ...
Setting up libattica0.4:amd64 (0.4.2-2) ...
Setting up libkf5configwidgets5:amd64 (5.44.0-0ubuntu1) ...
Setting up libqt4-xmlpatterns:amd64 (4:4.8.7+dfsg-7ubuntu1) ...
Setting up libkdecore5 (4:4.14.38-0ubuntu3.1) ...
Setting up libkf5iconthemes5:amd64 (5.44.0-0ubuntu1) ...
Setting up libkjsapi4 (4:4.14.38-0ubuntu3.1) ...
Setting up libkntlm4 (4:4.14.38-0ubuntu3.1) ...
Setting up libkactivities6 (4:4.13.3-0ubuntu7) ...
Setting up libkf5style5:amd64 (5.44.0-0ubuntu1) ...
Setting up libkpty4 (4:4.14.38-0ubuntu3.1) ...
Setting up libkf5iconthemes-bin (5.44.0-0ubuntu1) ...
Setting up kde-style-breeze (4:5.12.8-0ubuntu0.1) ...
Setting up libkdesu5 (4:4.14.38-0ubuntu3.1) ...
Setting up libqt4-declarative:amd64 (4:4.8.7+dfsg-7ubuntu1) ...
Setting up libqtgui4:amd64 (4:4.8.7+dfsg-7ubuntu1) ...
Setting up qt-at-spi:amd64 (0.4.0-8) ...
Setting up libqt4-designer:amd64 (4:4.8.7+dfsg-7ubuntu1) ...
Setting up libphonon4:amd64 (4:4.10.0-2) ...
Setting up libsolid4 (4:4.14.38-0ubuntu3.1) ...
Setting up libntrack0 (016-1.3) ...
Setting up libntrack-qt4-1 (016-1.3) ...
Setting up ntrack-module-libnl-0 (016-1.3) ...
Setting up libpolkit-qt-1-1:amd64 (0.112.0-5) ...
Setting up libqt4-svg:amd64 (4:4.8.7+dfsg-7ubuntu1) ...
Setting up libdbusmenu-qt2:amd64 (0.9.3+16.04.20160218-1ubuntu1) ...
Setting up libqt4-opengl:amd64 (4:4.8.7+dfsg-7ubuntu1) ...
Setting up libkdeui5 (4:4.14.38-0ubuntu3.1) ...
Setting up libkdnssd4 (4:4.14.38-0ubuntu3.1) ...
Setting up libqt4-qt3support:amd64 (4:4.8.7+dfsg-7ubuntu1) ...
Setting up libkrosscore4 (4:4.14.38-0ubuntu3.1) ...
Setting up libkdeclarative5 (4:4.14.38-0ubuntu3.1) ...
Setting up phonon-backend-gstreamer:amd64 (4:4.9.0-1) ...
Setting up kde-style-breeze-qt4 (4:5.12.8-0ubuntu0.1) ...
Setting up libkjsembed4 (4:4.14.38-0ubuntu3.1) ...
Setting up libkio5 (4:4.14.38-0ubuntu3.1) ...
Setting up libkfile4 (4:4.14.38-0ubuntu3.1) ...
Setting up libqtwebkit4:amd64 (2.3.2-0ubuntu13) ...
Setting up libkcmutils4 (4:4.14.38-0ubuntu3.1) ...
Setting up phonon:amd64 (4:4.10.0-2) ...
Setting up libknotifyconfig4 (4:4.14.38-0ubuntu3.1) ...
Setting up kdelibs-bin (4:4.14.38-0ubuntu3.1) ...
Setting up libkemoticons4 (4:4.14.38-0ubuntu3.1) ...
Setting up libknewstuff3-4 (4:4.14.38-0ubuntu3.1) ...
Setting up libkparts4 (4:4.14.38-0ubuntu3.1) ...
Setting up libkxmlrpcclient4 (4:4.14.10-1ubuntu7) ...
Setting up libkmediaplayer4 (4:4.14.38-0ubuntu3.1) ...
Setting up libkde3support4 (4:4.14.38-0ubuntu3.1) ...
Setting up libktexteditor4 (4:4.14.38-0ubuntu3.1) ...
Setting up libkdewebkit5 (4:4.14.38-0ubuntu3.1) ...
Setting up libkhtml5 (4:4.14.38-0ubuntu3.1) ...
Setting up libplasma3 (4:4.14.38-0ubuntu3.1) ...
Setting up plasma-scriptengine-javascript (4:17.08.3-0ubuntu1) ...
Processing triggers for mime-support (3.60ubuntu1) ...
Processing triggers for desktop-file-utils (0.23-1ubuntu3.18.04.2) ...
Processing triggers for libc-bin (2.27-3ubuntu1.2) ...
Processing triggers for doc-base (0.10.8) ...
Processing 1 added doc-base file...
Processing triggers for man-db (2.8.3-2ubuntu0.1) ...
Processing triggers for shared-mime-info (1.9-2) ...
Unknown media type in type 'all/all'
Unknown media type in type 'all/allfiles'
Processing triggers for gnome-menus (3.13.3-11ubuntu1.1) ...
Processing triggers for dbus (1.12.2-1ubuntu1.2) ...
Processing triggers for hicolor-icon-theme (0.17-2) ...
Processing triggers for sgml-base (1.29) ...
Setting up docbook-xsl (1.79.1+dfsg-2) ...
Setting up sgml-data (2.0.10) ...
Processing triggers for sgml-base (1.29) ...
Setting up docbook-xml (4.5-8) ...
Processing triggers for sgml-base (1.29) ...
Setting up kdoctools (4:4.14.38-0ubuntu3.1) ...
Setting up kdelibs5-plugins (4:4.14.38-0ubuntu3.1) ...
Setting up kde-runtime (4:17.08.3-0ubuntu1) ...
update-alternatives: using /usr/lib/kde4/libexec/kdesu-distrib/kdesu to provide /usr/lib/kde4/libexec/kdesu (kdesu) in auto mode
Setting up kdiff3 (0.9.98-4) ...
Processing triggers for libc-bin (2.27-3ubuntu1.2) ...
edureka@kmaster:~/code-base/repo1$ git mergetool
Merging:
index.html

Normal merge conflict for 'index.html':
  {local}: modified file
  {remote}: modified file
edureka@kmaster:~/code-base/repo1$ git commit -a -m "resolved conflicts"
[code-base 3ae6353] resolved conflicts
edureka@kmaster:~/code-base/repo1$ git merge code-base
Already up to date.
edureka@kmaster:~/code-base/repo1$ git branch --merged 
  branch1
  branch2
* code-base
  main
edureka@kmaster:~/code-base/repo1$ git push 
Username for 'https://github.com': emkrish
Password for 'https://emkrish@github.com': 
Counting objects: 1, done.
Writing objects: 100% (1/1), 214 bytes | 214.00 KiB/s, done.
Total 1 (delta 0), reused 0 (delta 0)
To https://github.com/emkrish/repo1.git
   b3e0f41..3ae6353  code-base -> code-base
edureka@kmaster:~/code-base/repo1$ 

